2026-03-26 19:30:58,227 | INFO | Starting sequential crawl for 8 sites
2026-03-26 19:30:58,227 | INFO | Starting crawl for site=jumia
2026-03-26 19:30:58,362 | ERROR | Site crawl failed for jumia (exit=1)
2026-03-26 19:30:58,363 | ERROR | stderr for jumia: C:\Program Files\Python310\python.exe: No module named scrapy
2026-03-26 19:30:58,364 | INFO | Starting crawl for site=lcwaikiki
2026-03-26 19:30:58,448 | ERROR | Site crawl failed for lcwaikiki (exit=1)
2026-03-26 19:30:58,448 | ERROR | stderr for lcwaikiki: C:\Program Files\Python310\python.exe: No module named scrapy
2026-03-26 19:30:58,448 | INFO | Starting crawl for site=sigmafit
2026-03-26 19:30:58,514 | ERROR | Site crawl failed for sigmafit (exit=1)
2026-03-26 19:30:58,514 | ERROR | stderr for sigmafit: C:\Program Files\Python310\python.exe: No module named scrapy
2026-03-26 19:30:58,514 | INFO | Starting crawl for site=townteam
2026-03-26 19:30:58,580 | ERROR | Site crawl failed for townteam (exit=1)
2026-03-26 19:30:58,580 | ERROR | stderr for townteam: C:\Program Files\Python310\python.exe: No module named scrapy
2026-03-26 19:30:58,581 | INFO | Starting crawl for site=wayupsports
2026-03-26 19:30:58,644 | ERROR | Site crawl failed for wayupsports (exit=1)
2026-03-26 19:30:58,645 | ERROR | stderr for wayupsports: C:\Program Files\Python310\python.exe: No module named scrapy
2026-03-26 19:30:58,645 | INFO | Starting crawl for site=tiehouse
2026-03-26 19:30:58,702 | ERROR | Site crawl failed for tiehouse (exit=1)
2026-03-26 19:30:58,703 | ERROR | stderr for tiehouse: C:\Program Files\Python310\python.exe: No module named scrapy
2026-03-26 19:30:58,703 | INFO | Starting crawl for site=emma
2026-03-26 19:30:58,756 | ERROR | Site crawl failed for emma (exit=1)
2026-03-26 19:30:58,756 | ERROR | stderr for emma: C:\Program Files\Python310\python.exe: No module named scrapy
2026-03-26 19:30:58,756 | INFO | Starting crawl for site=defacto
2026-03-26 19:30:58,820 | ERROR | Site crawl failed for defacto (exit=1)
2026-03-26 19:30:58,820 | ERROR | stderr for defacto: C:\Program Files\Python310\python.exe: No module named scrapy
2026-03-26 19:30:58,820 | INFO | Crawl batch complete. Success=0, Fail=8
2026-03-26 19:32:21,163 | INFO | Starting sequential crawl for 8 sites
2026-03-26 19:32:21,163 | INFO | Starting crawl for site=jumia
2026-03-26 19:32:21,213 | ERROR | Site crawl failed for jumia (exit=1)
2026-03-26 19:32:21,213 | ERROR | stderr for jumia: E:\grad_proj\webscrape\.venv\Scripts\python.exe: No module named scrapy
2026-03-26 19:32:21,213 | INFO | Starting crawl for site=lcwaikiki
2026-03-26 19:32:21,263 | ERROR | Site crawl failed for lcwaikiki (exit=1)
2026-03-26 19:32:21,263 | ERROR | stderr for lcwaikiki: E:\grad_proj\webscrape\.venv\Scripts\python.exe: No module named scrapy
2026-03-26 19:32:21,263 | INFO | Starting crawl for site=sigmafit
2026-03-26 19:32:21,312 | ERROR | Site crawl failed for sigmafit (exit=1)
2026-03-26 19:32:21,312 | ERROR | stderr for sigmafit: E:\grad_proj\webscrape\.venv\Scripts\python.exe: No module named scrapy
2026-03-26 19:32:21,312 | INFO | Starting crawl for site=townteam
2026-03-26 19:32:21,355 | ERROR | Site crawl failed for townteam (exit=1)
2026-03-26 19:32:21,355 | ERROR | stderr for townteam: E:\grad_proj\webscrape\.venv\Scripts\python.exe: No module named scrapy
2026-03-26 19:32:21,355 | INFO | Starting crawl for site=wayupsports
2026-03-26 19:32:21,404 | ERROR | Site crawl failed for wayupsports (exit=1)
2026-03-26 19:32:21,404 | ERROR | stderr for wayupsports: E:\grad_proj\webscrape\.venv\Scripts\python.exe: No module named scrapy
2026-03-26 19:32:21,404 | INFO | Starting crawl for site=tiehouse
2026-03-26 19:32:21,446 | ERROR | Site crawl failed for tiehouse (exit=1)
2026-03-26 19:32:21,446 | ERROR | stderr for tiehouse: E:\grad_proj\webscrape\.venv\Scripts\python.exe: No module named scrapy
2026-03-26 19:32:21,446 | INFO | Starting crawl for site=emma
2026-03-26 19:32:21,496 | ERROR | Site crawl failed for emma (exit=1)
2026-03-26 19:32:21,496 | ERROR | stderr for emma: E:\grad_proj\webscrape\.venv\Scripts\python.exe: No module named scrapy
2026-03-26 19:32:21,496 | INFO | Starting crawl for site=defacto
2026-03-26 19:32:21,546 | ERROR | Site crawl failed for defacto (exit=1)
2026-03-26 19:32:21,546 | ERROR | stderr for defacto: E:\grad_proj\webscrape\.venv\Scripts\python.exe: No module named scrapy
2026-03-26 19:32:21,546 | INFO | Crawl batch complete. Success=0, Fail=8
2026-03-26 19:33:54,325 | INFO | Starting sequential crawl for 8 sites
2026-03-26 19:33:54,325 | INFO | Starting crawl for site=jumia
2026-03-26 19:33:56,369 | INFO | Completed crawl for jumia with 0 items in 2.06 seconds
2026-03-26 19:33:56,369 | INFO | Starting crawl for site=lcwaikiki
2026-03-26 19:33:57,819 | INFO | Completed crawl for lcwaikiki with 0 items in 1.45 seconds
2026-03-26 19:33:57,819 | INFO | Starting crawl for site=sigmafit
2026-03-26 19:34:02,239 | INFO | Completed crawl for sigmafit with 0 items in 4.41 seconds
2026-03-26 19:34:02,239 | INFO | Starting crawl for site=townteam
2026-03-26 19:36:47,336 | INFO | Starting sequential crawl for 8 sites
2026-03-26 19:36:47,336 | INFO | Starting crawl for site=jumia
2026-03-26 19:36:49,962 | INFO | Completed crawl for jumia with 0 items in 2.63 seconds
2026-03-26 19:36:49,962 | INFO | Starting crawl for site=lcwaikiki
2026-03-26 19:36:52,098 | INFO | Completed crawl for lcwaikiki with 0 items in 2.13 seconds
2026-03-26 19:36:52,098 | INFO | Starting crawl for site=sigmafit
2026-03-26 19:36:57,007 | INFO | Completed crawl for sigmafit with 0 items in 4.91 seconds
2026-03-26 19:36:57,007 | INFO | Starting crawl for site=townteam
2026-03-26 19:37:01,650 | INFO | Completed crawl for townteam with 0 items in 4.63 seconds
2026-03-26 19:37:01,650 | INFO | Starting crawl for site=wayupsports
2026-03-26 19:37:05,975 | INFO | Completed crawl for wayupsports with 0 items in 4.33 seconds
2026-03-26 19:37:05,975 | INFO | Starting crawl for site=tiehouse
2026-03-26 19:41:59,442 | INFO | Starting sequential crawl for 8 sites
2026-03-26 19:41:59,442 | INFO | Starting crawl for site=jumia
2026-03-26 19:42:00,778 | INFO | Completed crawl for jumia with 0 items in 1.33 seconds
2026-03-26 19:42:00,778 | INFO | Starting crawl for site=lcwaikiki
2026-03-26 19:42:02,146 | INFO | Completed crawl for lcwaikiki with 0 items in 1.37 seconds
2026-03-26 19:42:02,146 | INFO | Starting crawl for site=sigmafit
2026-03-26 19:42:05,686 | INFO | Completed crawl for sigmafit with 0 items in 3.54 seconds
2026-03-26 19:42:05,686 | INFO | Starting crawl for site=townteam
2026-03-26 19:42:10,336 | INFO | Completed crawl for townteam with 0 items in 4.65 seconds
2026-03-26 19:42:10,336 | INFO | Starting crawl for site=wayupsports
2026-03-26 19:42:14,477 | INFO | Completed crawl for wayupsports with 0 items in 4.14 seconds
2026-03-26 19:42:14,477 | INFO | Starting crawl for site=tiehouse
2026-03-26 19:47:43,405 | INFO | Starting sequential crawl for 8 sites
2026-03-26 19:47:43,405 | INFO | Starting crawl for site=jumia
2026-03-26 19:47:44,951 | INFO | Completed crawl for jumia with 0 items in 1.55 seconds
2026-03-26 19:47:44,952 | INFO | Starting crawl for site=lcwaikiki
2026-03-26 19:47:46,429 | INFO | Completed crawl for lcwaikiki with 0 items in 1.49 seconds
2026-03-26 19:47:46,429 | INFO | Starting crawl for site=sigmafit
2026-03-26 19:47:50,456 | INFO | Completed crawl for sigmafit with 0 items in 4.02 seconds
2026-03-26 19:47:50,456 | INFO | Starting crawl for site=townteam
2026-03-26 19:47:54,616 | INFO | Completed crawl for townteam with 0 items in 4.17 seconds
2026-03-26 19:47:54,616 | INFO | Starting crawl for site=wayupsports
2026-03-26 19:48:00,261 | INFO | Completed crawl for wayupsports with 0 items in 5.64 seconds
2026-03-26 19:48:00,261 | INFO | Starting crawl for site=tiehouse
2026-03-26 19:49:02,251 | ERROR | Site crawl timed out for townteam after 900.01 seconds
2026-03-26 19:49:02,251 | INFO | Starting crawl for site=wayupsports
2026-03-26 19:49:06,878 | INFO | Completed crawl for wayupsports with 0 items in 4.63 seconds
2026-03-26 19:49:06,896 | INFO | Starting crawl for site=tiehouse
2026-03-26 19:57:14,500 | ERROR | Site crawl timed out for tiehouse after 900.02 seconds
2026-03-26 19:57:14,500 | INFO | Starting crawl for site=emma
2026-03-26 19:57:18,349 | INFO | Starting sequential crawl for 8 sites
2026-03-26 19:57:18,349 | INFO | Starting crawl for site=jumia
2026-03-26 19:57:19,487 | INFO | Completed crawl for emma with 0 items in 4.99 seconds
2026-03-26 19:57:19,487 | INFO | Starting crawl for site=defacto
2026-03-26 19:57:23,392 | WARNING | Completed crawl for jumia with warning categories: http_403, blocked_or_forbidden, retry_exhausted
2026-03-26 19:57:23,392 | INFO | Completed crawl for jumia with 0 items in 5.04 seconds
2026-03-26 19:57:23,392 | INFO | Starting crawl for site=lcwaikiki
2026-03-26 19:57:24,024 | INFO | Completed crawl for defacto with 0 items in 4.53 seconds
2026-03-26 19:57:24,024 | INFO | Crawl batch complete. Success=7, Fail=1
2026-03-26 19:57:28,730 | WARNING | Completed crawl for lcwaikiki with warning categories: http_403, blocked_or_forbidden, retry_exhausted
2026-03-26 19:57:28,730 | INFO | Completed crawl for lcwaikiki with 0 items in 5.34 seconds
2026-03-26 19:57:28,730 | INFO | Starting crawl for site=sigmafit
2026-03-26 19:57:33,900 | WARNING | Completed crawl for sigmafit with warning categories: dns_failure, retry_exhausted
2026-03-26 19:57:33,900 | INFO | Completed crawl for sigmafit with 0 items in 5.18 seconds
2026-03-26 19:57:33,900 | INFO | Starting crawl for site=townteam
2026-03-26 19:57:35,602 | INFO | Completed crawl for townteam with 0 items in 1.69 seconds
2026-03-26 19:57:35,602 | INFO | Starting crawl for site=wayupsports
2026-03-26 19:57:37,430 | INFO | Completed crawl for wayupsports with 0 items in 1.82 seconds
2026-03-26 19:57:37,430 | INFO | Starting crawl for site=tiehouse
2026-03-26 19:59:15,342 | INFO | Starting sequential crawl for 8 sites
2026-03-26 19:59:15,342 | INFO | Starting crawl for site=jumia
2026-03-26 19:59:21,341 | WARNING | Completed crawl for jumia with warning categories: http_403, blocked_or_forbidden, retry_exhausted
2026-03-26 19:59:21,341 | INFO | Completed crawl for jumia with 0 items in 6.01 seconds
2026-03-26 19:59:21,341 | INFO | Starting crawl for site=lcwaikiki
2026-03-26 19:59:26,544 | WARNING | Completed crawl for lcwaikiki with warning categories: http_403, blocked_or_forbidden, retry_exhausted
2026-03-26 19:59:26,544 | INFO | Completed crawl for lcwaikiki with 0 items in 5.19 seconds
2026-03-26 19:59:26,544 | INFO | Starting crawl for site=sigmafit
2026-03-26 19:59:31,593 | WARNING | Completed crawl for sigmafit with warning categories: dns_failure, retry_exhausted
2026-03-26 19:59:31,593 | INFO | Completed crawl for sigmafit with 0 items in 5.05 seconds
2026-03-26 19:59:31,593 | INFO | Starting crawl for site=townteam
2026-03-26 19:59:33,377 | INFO | Completed crawl for townteam with 0 items in 1.79 seconds
2026-03-26 19:59:33,377 | INFO | Starting crawl for site=wayupsports
2026-03-26 19:59:35,057 | INFO | Completed crawl for wayupsports with 0 items in 1.67 seconds
2026-03-26 19:59:35,057 | INFO | Starting crawl for site=tiehouse
2026-03-26 19:59:42,678 | INFO | Starting sequential crawl for 8 sites
2026-03-26 19:59:42,678 | INFO | Starting crawl for site=jumia
2026-03-26 19:59:47,789 | WARNING | Completed crawl for jumia with warning categories: http_403, blocked_or_forbidden, retry_exhausted
2026-03-26 19:59:47,789 | INFO | Completed crawl for jumia with 0 items in 5.11 seconds
2026-03-26 19:59:47,789 | INFO | Starting crawl for site=lcwaikiki
2026-03-26 19:59:54,185 | WARNING | Completed crawl for lcwaikiki with warning categories: http_403, blocked_or_forbidden, retry_exhausted
2026-03-26 19:59:54,185 | INFO | Completed crawl for lcwaikiki with 0 items in 6.4 seconds
2026-03-26 19:59:54,185 | INFO | Starting crawl for site=sigmafit
2026-03-26 19:59:59,126 | WARNING | Completed crawl for sigmafit with warning categories: dns_failure, retry_exhausted
2026-03-26 19:59:59,126 | INFO | Completed crawl for sigmafit with 0 items in 4.94 seconds
2026-03-26 19:59:59,126 | INFO | Starting crawl for site=townteam
2026-03-26 20:00:01,359 | INFO | Completed crawl for townteam with 0 items in 2.23 seconds
2026-03-26 20:00:01,359 | INFO | Starting crawl for site=wayupsports
2026-03-26 20:00:03,709 | INFO | Completed crawl for wayupsports with 0 items in 2.35 seconds
2026-03-26 20:00:03,709 | INFO | Starting crawl for site=tiehouse
2026-03-26 20:02:08,463 | WARNING | Completed crawl for tiehouse with warning categories: timeout
2026-03-26 20:02:08,463 | INFO | Completed crawl for tiehouse with 0 items in 153.4 seconds
2026-03-26 20:02:08,463 | INFO | Starting crawl for site=emma
2026-03-26 20:02:15,074 | INFO | Starting sequential crawl for 8 sites
2026-03-26 20:02:15,074 | INFO | Starting crawl for site=jumia
2026-03-26 20:02:21,360 | WARNING | Completed crawl for jumia with warning categories: http_403, blocked_or_forbidden, retry_exhausted
2026-03-26 20:02:21,360 | INFO | Completed crawl for jumia with 0 items in 6.28 seconds
2026-03-26 20:02:21,360 | INFO | Starting crawl for site=lcwaikiki
2026-03-26 20:02:28,063 | WARNING | Completed crawl for lcwaikiki with warning categories: http_403, blocked_or_forbidden, retry_exhausted
2026-03-26 20:02:28,063 | INFO | Completed crawl for lcwaikiki with 0 items in 6.7 seconds
2026-03-26 20:02:28,063 | INFO | Starting crawl for site=sigmafit
2026-03-26 20:02:32,996 | WARNING | Completed crawl for sigmafit with warning categories: dns_failure, retry_exhausted
2026-03-26 20:02:32,998 | INFO | Completed crawl for sigmafit with 0 items in 4.93 seconds
2026-03-26 20:02:32,998 | INFO | Starting crawl for site=townteam
2026-03-26 20:02:35,380 | INFO | Completed crawl for townteam with 0 items in 2.38 seconds
2026-03-26 20:02:35,380 | INFO | Starting crawl for site=wayupsports
2026-03-26 20:02:39,495 | INFO | Completed crawl for wayupsports with 0 items in 4.12 seconds
2026-03-26 20:02:39,496 | INFO | Starting crawl for site=tiehouse
2026-03-26 20:05:12,684 | WARNING | Completed crawl for tiehouse with warning categories: timeout
2026-03-26 20:05:12,684 | INFO | Completed crawl for tiehouse with 0 items in 153.19 seconds
2026-03-26 20:05:12,684 | INFO | Starting crawl for site=emma
2026-03-26 20:05:17,710 | WARNING | Completed crawl for emma with warning categories: dns_failure, retry_exhausted
2026-03-26 20:05:17,710 | INFO | Completed crawl for emma with 0 items in 5.03 seconds
2026-03-26 20:05:17,711 | INFO | Starting crawl for site=defacto
2026-03-26 20:05:23,351 | WARNING | Completed crawl for defacto with warning categories: http_403, blocked_or_forbidden, retry_exhausted
2026-03-26 20:05:23,351 | INFO | Completed crawl for defacto with 0 items in 5.64 seconds
2026-03-26 20:05:23,352 | INFO | Crawl batch complete. Success=8, Fail=0
2026-03-26 20:18:50,764 | INFO | Starting sequential crawl for 1 sites
2026-03-26 20:18:50,766 | INFO | Starting crawl for site=jumia
2026-03-26 20:18:52,005 | INFO | Completed crawl for jumia with 0 items in 1.24 seconds
2026-03-26 20:18:52,005 | INFO | Crawl batch complete. Success=1, Fail=0
2026-03-26 20:23:17,798 | INFO | Starting sequential crawl for 1 sites
2026-03-26 20:23:17,798 | INFO | Starting crawl for site=jumia
2026-03-26 20:24:41,658 | INFO | Completed crawl for jumia with 56 items in 83.85 seconds
2026-03-26 20:24:41,658 | INFO | Crawl batch complete. Success=1, Fail=0
2026-03-26 20:24:41,835 | INFO | Starting sequential crawl for 1 sites
2026-03-26 20:24:41,835 | INFO | Starting crawl for site=jumia
2026-03-26 20:25:46,063 | INFO | Starting sequential crawl for 1 sites
2026-03-26 20:25:46,067 | INFO | Starting crawl for site=jumia
2026-03-26 20:25:47,205 | INFO | Completed crawl for jumia with 0 items in 1.13 seconds
2026-03-26 20:25:47,205 | INFO | Crawl batch complete. Success=1, Fail=0
2026-03-26 20:25:57,492 | INFO | Completed crawl for jumia with 24 items in 75.65 seconds
2026-03-26 20:25:57,492 | INFO | Crawl batch complete. Success=1, Fail=0
2026-03-26 20:25:57,603 | INFO | Starting sequential crawl for 1 sites
2026-03-26 20:25:57,603 | INFO | Starting crawl for site=jumia
2026-03-26 20:26:41,342 | INFO | Starting sequential crawl for 1 sites
2026-03-26 20:26:41,343 | INFO | Starting crawl for site=jumia
2026-03-26 20:26:42,479 | INFO | Completed crawl for jumia with 0 items in 1.13 seconds
2026-03-26 20:26:43,456 | INFO | Crawl batch complete. Success=1, Fail=0
2026-03-26 20:27:53,161 | INFO | Starting sequential crawl for 1 sites
2026-03-26 20:27:53,161 | INFO | Starting crawl for site=jumia
2026-03-26 20:29:13,504 | INFO | Completed crawl for jumia with 24 items in 80.34 seconds
2026-03-26 20:29:13,504 | INFO | Crawl batch complete. Success=1, Fail=0
2026-03-26 20:29:15,751 | INFO | Starting sequential crawl for 1 sites
2026-03-26 20:29:15,751 | INFO | Starting crawl for site=jumia
2026-03-26 20:29:47,270 | INFO | Starting sequential crawl for 1 sites
2026-03-26 20:29:47,270 | INFO | Starting crawl for site=jumia
2026-03-26 20:30:46,294 | INFO | Completed crawl for jumia with 0 items in 90.52 seconds
2026-03-26 20:30:46,294 | INFO | Crawl batch complete. Success=1, Fail=0
2026-03-26 20:31:15,069 | INFO | Completed crawl for jumia with 24 items in 87.79 seconds
2026-03-26 20:31:15,069 | INFO | Crawl batch complete. Success=1, Fail=0
2026-03-26 20:42:03,305 | INFO | Starting sequential crawl for 1 sites
2026-03-26 20:42:03,305 | INFO | Starting crawl for site=jumia
2026-03-26 22:28:47,847 | INFO | Starting sequential crawl for 1 sites
2026-03-26 22:28:47,847 | INFO | Starting crawl for site=jumia
2026-03-27 03:37:58,478 | INFO | Starting sequential crawl for 1 sites
2026-03-27 03:37:58,504 | INFO | Starting crawl for site=jumia
